// Jest Snapshot v1, https://goo.gl/fbAQLP

exports[`TodoList Component renders correctly 1`] = `ShallowWrapper {}`;
