// Jest Snapshot v1, https://goo.gl/fbAQLP

exports[`Todo Component render correctly 1`] = `ShallowWrapper {}`;
